[abrahamgans.github.io/x3/nulisv2.html]
[backblue.gif]
[fade.gif]
[index.html]
[jnckmedia.com/assets/css/bootstrap.min.css]
[jnckmedia.com/assets/css/icons.min.css]
[jnckmedia.com/assets/css/app.min.css]
[cdnjs.cloudflare.com/ajax/libs/font-awesome/5.7.2/css/all.min.css]
[ajax.googleapis.com/ajax/libs/jquery/1.11.3/jquery.min.js]
[abrahamgans.github.io/x3/Abraham Benedick.png]
[jnckmedia.com/assets/libs/bootstrap-datepicker/bootstrap-datepicker.min.js]
[cdnjs.cloudflare.com/ajax/libs/bootstrap-datepicker/1.9.0/locales/bootstrap-datepicker.id.min.js]
[jnckmedia.com/assets/js/vendor.min.js]
[jnckmedia.com/assets/libs/jquery-knob/jquery.knob.min.js]
[jnckmedia.com/assets/js/app.min.js]
[cdn.jsdelivr.net/gh/Arlina-Design/quasar@master/arlinablock.js]
[abrahamgans.github.io/x3/nulisv2.html]
[jnckmedia.com/assets/css/bootstrap.min.css]
[jnckmedia.com/assets/css/icons.min.css]
[jnckmedia.com/assets/css/app.min.css]
[cdnjs.cloudflare.com/ajax/libs/font-awesome/5.7.2/css/all.min.css]
[abrahamgans.github.io/x3/Abraham Benedick.html]
[cdn.jsdelivr.net/npm/p5@1.1.9/lib/p5.js]
